// Jest Snapshot v1, https://goo.gl/fbAQLP

exports[`SizePicker component Should be render match to snapshot 1`] = `
<div>
  <button
    class="min-w-8 min-h-8 px-1 max-w-btn-size truncate border border-dark rounded text-base hover:bg-primary hover:text-white hover:border-primary className"
  >
    S
  </button>
</div>
`;
