// Jest Snapshot v1, https://goo.gl/fbAQLP

exports[`CardPromo component should be render match to snapshot 1`] = `
<div>
  <div
    class="rounded-sm overflow-hidden className relative bg-dark w-full h-[340px]"
  >
    <img
      alt="Jean Image"
      height="500"
      layout="responsive"
      src="/arrival.png"
      style="object-fit: contain;"
      width="500"
    />
    <div
      class="absolute bottom-0 left-0 p-6 text-white"
    >
      <p>
        Title jean
      </p>
    </div>
  </div>
</div>
`;
