// Jest Snapshot v1, https://goo.gl/fbAQLP

exports[`Tabs component Should be render match to snapshot 1`] = `
<div>
  <div
    class="flex flex-wrap lg:flex-col justify-center lg:items-start gap-4 lg:w-96"
  >
    <button
      class="text-lg text-dark p-2 lg:text-base lg:border-none lg:p-0 border border-dark text-primary font-medium border-primary"
      value="1"
    >
      Tab 1
    </button>
    <button
      class="text-lg text-dark p-2 lg:text-base lg:border-none lg:p-0 border border-dark"
      value="2"
    >
      Tab 2
    </button>
  </div>
</div>
`;
