// Jest Snapshot v1, https://goo.gl/fbAQLP

exports[`Input should render match to snapshot 1`] = `
<div>
  <div
    class="flex flex-col gap-2"
  >
    <label
      class="text-sm font-medium text-gray-600 capitalize"
    >
      Text Input
    </label>
    <div
      class="relative"
    >
      <input
        class="w-full p-2 text-gray-700 outline-none border border-dark rounded-md focus:ring-1 focus:ring-dark h-14 border-primary focus:ring-primary"
        placeholder="Enter some text"
        type="text"
        value="test value"
      />
    </div>
    <span
      class="text-xs text-primary"
    >
      This is an error message
    </span>
  </div>
</div>
`;
