// Jest Snapshot v1, https://goo.gl/fbAQLP

exports[`CountdownItem component should be render match to snapshot 1`] = `
<div>
  <div
    class="flex flex-col items-center"
  >
    <span
      class="text-lg font-medium"
    >
      Hours
    </span>
    <span
      class="text-3xl font-bold"
    >
      7
    </span>
  </div>
</div>
`;
